
> portfolio-itom@0.0.0 build
> vite build

[36mvite v7.3.0 [32mbuilding client environment for production...[36m[39m
transforming...
[32mÔťô[39m 626 modules transformed.

ÔťĘ [vite-plugin-compression]:algorithm=gzip - compressed file successfully: 
dist/C:/Users/tomsz/Desktop/portfolio/portfolio-itom/assets/ContactRoom-EL9sotex.js.gz     24.40kb / gzip: 8.50kb
dist/C:/Users/tomsz/Desktop/portfolio/portfolio-itom/assets/GalleryClouds-CpVVEBE2.js.gz   1.88kb / gzip: 1.03kb
dist/C:/Users/tomsz/Desktop/portfolio/portfolio-itom/assets/AboutRoom-BCLhaIDK.js.gz       23.65kb / gzip: 7.09kb
dist/C:/Users/tomsz/Desktop/portfolio/portfolio-itom/assets/GalleryRoom-OI3-WxDA.js.gz     20.23kb / gzip: 6.20kb
dist/C:/Users/tomsz/Desktop/portfolio/portfolio-itom/assets/StudioRoom-BUKQrf4Y.js.gz      19.45kb / gzip: 6.71kb
dist/C:/Users/tomsz/Desktop/portfolio/portfolio-itom/assets/index-CNugIjyN.css.gz          14.17kb / gzip: 3.42kb
dist/C:/Users/tomsz/Desktop/portfolio/portfolio-itom/fonts/SatisfySL.json.gz               26.82kb / gzip: 9.53kb
dist/C:/Users/tomsz/Desktop/portfolio/portfolio-itom/assets/Experience-C4pNntPG.js.gz      179.08kb / gzip: 58.53kb
dist/C:/Users/tomsz/Desktop/portfolio/portfolio-itom/assets/index-LvlNbJtK.js.gz           1148.78kb / gzip: 329.32kb


node.exe : [31mÔťŚ[39m Build failed in 3.45s
At line:1 char:1
+ & "C:\Program Files\nodejs/node.exe" "C:\Progra
m Files\nodejs/node_mo ...
+ ~~~~~~~~~~~~~~~~~~~~~~~~~~~~~~~~~~~~~~~~~~~~~~~
~~~~~~~~~~~~~~~~~~~~~~
    + CategoryInfo          : NotSpecified:     (
[31mÔťŚ[39m Build failed in 3.45s:Str    ing) [
], RemoteException
    + FullyQualifiedErrorId : NativeCommandE    r
ror
 
[31merror during build:
[31m[vite:esbuild] Transform failed with 2 error
s:
C:/Users/tomsz/Desktop/portfolio/portfolio-itom/s
rc/components/canvas/corridor/CorridorDecorations
.jsx:5:9: ERROR: The symbol "useFrame" has alread
y been declared
C:/Users/tomsz/Desktop/portfolio/portfolio-itom/s
rc/components/canvas/corridor/CorridorDecorations
.jsx:5:19: ERROR: The symbol "useThree" has alrea
dy been declared[31m
file: [36mC:/Users/tomsz/Desktop/portfolio/portf
olio-itom/src/components/canvas/corridor/Corridor
Decorations.jsx:5:9[31m
[33m
[33mThe symbol "useFrame" has already been decla
red[33m
3  |  import * as THREE from 'three';
4  |  import { useFrame, useThree } from '@react-
three/fiber';
5  |  import { useFrame, useThree } from '@react-
three/fiber';
   |           ^
6  |  /**
7  |   * CorridorDecorations - Dekoracje korytarz
a.

[33mThe symbol "useThree" has already been decla
red[33m
3  |  import * as THREE from 'three';
4  |  import { useFrame, useThree } from '@react-
three/fiber';
5  |  import { useFrame, useThree } from '@react-
three/fiber';
   |                     ^
6  |  /**
7  |   * CorridorDecorations - Dekoracje korytarz
a.
[31m
    at failureErrorWithLog (C:\Users\tomsz\Deskto
p\portfolio\portfolio-itom\node_modules\esbuild\l
ib\main.js:1467:15)
    at C:\Users\tomsz\Desktop\portfolio\portfolio
-itom\node_modules\esbuild\lib\main.js:736:50
    at responseCallbacks.<computed> (C:\Users\tom
sz\Desktop\portfolio\portfolio-itom\node_modules\
esbuild\lib\main.js:603:9)
    at handleIncomingPacket (C:\Users\tomsz\Deskt
op\portfolio\portfolio-itom\node_modules\esbuild\
lib\main.js:658:12)
    at Socket.readFromStdout (C:\Users\tomsz\Desk
top\portfolio\portfolio-itom\node_modules\esbuild
\lib\main.js:581:7)
    at Socket.emit (node:events:518:28)
    at addChunk (node:internal/streams/readable:5
61:12)
    at readableAddChunkPushByteMode (node:interna
l/streams/readable:512:3)
    at Readable.push (node:internal/streams/reada
ble:392:5)
    at Pipe.onStreamRead (node:internal/stream_ba
se_commons:189:23)[39m
